[GraphParser.Dependency(target: GraphParser.Target(target: "BuildGraphDebug", project: "BuildGraphDebug"), dependencies: [GraphParser.Target(target: "App", project: "App")]), GraphParser.Dependency(target: GraphParser.Target(target: "App", project: "App"), dependencies: [GraphParser.Target(target: "App", project: "App"), GraphParser.Target(target: "App_App", project: "App"), GraphParser.Target(target: "UI", project: "UI")]), GraphParser.Dependency(target: GraphParser.Target(target: "App", project: "App"), dependencies: [GraphParser.Target(target: "App_App", project: "App"), GraphParser.Target(target: "UI", project: "UI")]), GraphParser.Dependency(target: GraphParser.Target(target: "UI", project: "UI"), dependencies: [GraphParser.Target(target: "Details", project: "UI"), GraphParser.Target(target: "Filters", project: "UI"), GraphParser.Target(target: "Projects", project: "UI"), GraphParser.Target(target: "UI_Details", project: "UI"), GraphParser.Target(target: "UI_Filters", project: "UI"), GraphParser.Target(target: "UI_Projects", project: "UI"), GraphParser.Target(target: "Domain", project: "Domain"), GraphParser.Target(target: "XCLogParser", project: "XCLogParser")]), GraphParser.Dependency(target: GraphParser.Target(target: "Projects", project: "UI"), dependencies: [GraphParser.Target(target: "UI_Projects", project: "UI"), GraphParser.Target(target: "Domain", project: "Domain")]), GraphParser.Dependency(target: GraphParser.Target(target: "UI_Projects", project: "UI"), dependencies: []), GraphParser.Dependency(target: GraphParser.Target(target: "Filters", project: "UI"), dependencies: [GraphParser.Target(target: "UI_Filters", project: "UI"), GraphParser.Target(target: "Domain", project: "Domain")]), GraphParser.Dependency(target: GraphParser.Target(target: "UI_Filters", project: "UI"), dependencies: []), GraphParser.Dependency(target: GraphParser.Target(target: "Details", project: "UI"), dependencies: [GraphParser.Target(target: "UI_Details", project: "UI"), GraphParser.Target(target: "Domain", project: "Domain"), GraphParser.Target(target: "XCLogParser", project: "XCLogParser")]), GraphParser.Dependency(target: GraphParser.Target(target: "Domain", project: "Domain"), dependencies: [GraphParser.Target(target: "BuildParser", project: "Domain"), GraphParser.Target(target: "GraphParser", project: "Domain"), GraphParser.Target(target: "XCLogParser", project: "XCLogParser")]), GraphParser.Dependency(target: GraphParser.Target(target: "BuildParser", project: "Domain"), dependencies: [GraphParser.Target(target: "GraphParser", project: "Domain"), GraphParser.Target(target: "XCLogParser", project: "XCLogParser")]), GraphParser.Dependency(target: GraphParser.Target(target: "XCLogParser", project: "XCLogParser"), dependencies: [GraphParser.Target(target: "XCLogParser", project: "XCLogParser"), GraphParser.Target(target: "Gzip", project: "Gzip")]), GraphParser.Dependency(target: GraphParser.Target(target: "XCLogParser", project: "XCLogParser"), dependencies: [GraphParser.Target(target: "Gzip", project: "Gzip")]), GraphParser.Dependency(target: GraphParser.Target(target: "Gzip", project: "Gzip"), dependencies: [GraphParser.Target(target: "Gzip", project: "Gzip"), GraphParser.Target(target: "system-zlib", project: "Gzip")]), GraphParser.Dependency(target: GraphParser.Target(target: "Gzip", project: "Gzip"), dependencies: [GraphParser.Target(target: "system-zlib", project: "Gzip")]), GraphParser.Dependency(target: GraphParser.Target(target: "system-zlib", project: "Gzip"), dependencies: []), GraphParser.Dependency(target: GraphParser.Target(target: "GraphParser", project: "Domain"), dependencies: []), GraphParser.Dependency(target: GraphParser.Target(target: "UI_Details", project: "UI"), dependencies: []), GraphParser.Dependency(target: GraphParser.Target(target: "App_App", project: "App"), dependencies: [])]